-inf	test/priorities/2024-09-27_201849_Fri-do foo OPEN
-inf	test/priorities/2024-09-29_231231_Sun-meta another task OPEN{d: [2024-09-27_201849_Fri-do, 2024-09-27_201931_Fri ], prio: 2024-11-01 12:00}
-inf	test/priorities/2024-12-02_203000_Mon-some OPEN{12-3}
-inf	test/priorities/2025-01-20_015027_Mon-another OPEN{1-24, importance: 1}
-inf	test/priorities/2025-01-20_015028_Mon-another OPEN{2025-1-24, importance: 1}
-inf	test/priorities/erroneous/2024-09-29_231214_Sun-meta another task OPEN{depends: 2024-09-27_201849_Fri, 2024-09-27_201931_Fri}
-inf	test/priorities/foo/2024-10-24_153947_Thu-foo (for Wed OPEN{10-27})
-3.14	test/priorities/2024-10-02_200923_Wed-some OPEN{ today , d:2024-09-29_231231_Sun-meta}
-3.14	test/priorities/2025-01-20_015023_Mon-another OPEN{1-24} DONE OPEN{today}
9.35	test/priorities/2025-01-20_015029_Mon-another OPEN{01-18, importance: 1}
9.35	test/priorities/2025-01-20_015030_Mon-another OPEN{2026-1-18, importance: 1}
19.35	test/priorities/2025-01-20_015031_Mon-another OPEN{2026-1-18, importance: 1} FUTURE
19.35	test/priorities/archived/2025-01-20_015034_Mon-another OPEN{2026-1-18, importance: 1} FUTURE
22.13	test/priorities/2024-09-27_201910_Fri-do bar OPEN{prio: 1, depends: 2024-09-27_201849}
23.10	test/priorities/reprocessing/2024-10-03_173610_Thu-README OPEN{prio: 2}
25.64	test/priorities/2024-10-02_193929_Wed-some OPEN{occasionally}
26.11	test/priorities/2024-09-27_212233_Fri-do OPEN{d: reprocessing}
26.13	test/priorities/erroneous/2024-09-30_111329_Mon-foo OPEN{d: [2024-09-27_201931_,2024-09-27_201931_Mon]}
26.13	test/priorities/erroneous/2024-09-30_111330_Mon-foo OPEN{d: [2024-09-27_201931_,2024-09-27_201931]}
26.13	test/priorities/erroneous/2024-09-30_111331_Mon-foo OPEN{d: [foobar]}
26.13	test/priorities/erroneous/2024-09-30_111332_Mon-duplicate 2 OPEN
26.13	test/priorities/erroneous/2024-09-30_111332_Mon-duplicate OPEN
26.13	test/priorities/erroneous/2024-09-30_111332_Mon-foo OPEN{d: [2024-09-27]}
